
// Jest Snapshot v1, https://goo.gl/fbAQLP

exports[`Loader should match its snapshot 1`] = `
<div>
  <div
    class="loader appsemble-loader"
  />
</div>
`;