// Jest Snapshot v1, https://goo.gl/fbAQLP

exports[`should not render a bulma modal when it is inactive 1`] = `<div />`;

exports[`should render a bulma modal when it is active 1`] = `
<div>
  <div
    class="is-active modal root open"
  >
    <div
      class="modal-background"
      role="presentation"
    />
    <div
      class="modal-content"
    >
      test
    </div>
    <button
      class="modal-close is-large"
      type="button"
    />
  </div>
</div>
`;
