// Jest Snapshot v1, https://goo.gl/fbAQLP

exports[`getBlockConfigFromTypeScript official blocks action-button 1`] = `
{
  "actions": {
    "onClick": {
      "description": "Action that gets dispatched when the button is clicked.",
    },
  },
  "events": undefined,
  "messages": undefined,
  "parameters": {
    "$schema": "http://json-schema.org/draft-07/schema#",
    "additionalProperties": false,
    "properties": {
      "icon": {
        "description": "A [Font Awesome icon](https://fontawesome.com/icons?m=free) name to render on the button.",
        "format": "fontawesome",
        "type": "string",
      },
      "title": {
        "description": "The title for the button.

Describe what the button does. This helps with accessibility for people using screen readers.",
        "format": "remapper",
      },
    },
    "required": [
      "icon",
    ],
    "type": "object",
  },
}
`;

exports[`getBlockConfigFromTypeScript official blocks audio 1`] = `
{
  "actions": undefined,
  "events": {
    "emit": undefined,
    "listen": {
      "onAudio": {
        "description": "The event to listen on for new data.

The result must be either a audio URL or an object containing a property \`url\`.",
      },
      "stop": {
        "description": "The event to stop listening to audio.",
      },
    },
  },
  "messages": undefined,
  "parameters": {
    "$schema": "http://json-schema.org/draft-07/schema#",
    "additionalProperties": false,
    "properties": {
      "src": {
        "description": "The source of the player. This can either be a URL pointing to a website, or it can point to an asset. The asset can either be the object, or the ID of the asset",
        "format": "remapper",
      },
    },
    "type": "object",
  },
}
`;

exports[`getBlockConfigFromTypeScript official blocks button-list 1`] = `
{
  "actions": {
    "$any": {
      "description": "A custom action that gets dispatched when a button is clicked that has the same click action
specified as the name of this action.",
    },
    "onClick": {
      "description": "Action that gets dispatched when a button is clicked that doesn’t specify its own click
action.",
    },
  },
  "events": {
    "emit": undefined,
    "listen": {
      "data": {
        "description": "The event that is triggered when data is received.

This data can be used with remap to display labels dynamically based on the received data.",
      },
    },
  },
  "messages": undefined,
  "parameters": {
    "$schema": "http://json-schema.org/draft-07/schema#",
    "additionalProperties": false,
    "definitions": {
      "BulmaColor": {
        "description": "A color known to Bulma.",
        "enum": [
          "danger",
          "dark",
          "info",
          "link",
          "primary",
          "success",
          "warning",
          "white",
        ],
        "type": "string",
      },
      "BulmaSize": {
        "enum": [
          "large",
          "medium",
          "normal",
          "small",
        ],
        "type": "string",
      },
      "Button": {
        "additionalProperties": false,
        "properties": {
          "color": {
            "$ref": "#/definitions/BulmaColor",
            "description": "The Bulma color to use.",
          },
          "fullwidth": {
            "description": "Whether the button should be full width or not.

By default buttons only take up as much space as needed.",
            "type": "boolean",
          },
          "icon": {
            "description": "A [Font Awesome icon](https://fontawesome.com/icons?m=free) name to render on the button.

Will not render if undefined.",
            "format": "fontawesome",
            "type": "string",
          },
          "inverted": {
            "description": "Whether the text and background colors should be inverted.",
            "type": "boolean",
          },
          "label": {
            "description": "The label to display.

Will not render if undefined.",
            "format": "remapper",
          },
          "light": {
            "description": "When set to true, the ‘light’ set of Bulma colors are used.",
            "type": "boolean",
          },
          "onClick": {
            "description": "The name of the action to trigger when the button is clicked.",
            "format": "action",
            "type": "string",
          },
          "outlined": {
            "description": "Whether the button should display its colors in the outlines.",
            "type": "boolean",
          },
          "rounded": {
            "description": "Whether the button should be rounded.",
            "type": "boolean",
          },
          "size": {
            "$ref": "#/definitions/BulmaSize",
            "description": "The size of the button. By default the size is ‘normal’.",
          },
          "title": {
            "description": "The title for the button.

Describe what the button does. This helps with accessibility for people using screen readers.",
            "format": "remapper",
          },
        },
        "type": "object",
      },
    },
    "properties": {
      "buttons": {
        "description": "The list of buttons.",
        "items": {
          "$ref": "#/definitions/Button",
        },
        "type": "array",
      },
    },
    "required": [
      "buttons",
    ],
    "type": "object",
  },
}
`;

exports[`getBlockConfigFromTypeScript official blocks chart 1`] = `
{
  "actions": {
    "onClick": {
      "description": "This action is launched whenever a user clicks on the chart canvas.

Returns the data of the clicked data in the format of \`label\`, \`data\`.

Returns an empty object if the user clicks outside of a data entry.",
    },
  },
  "events": {
    "emit": undefined,
    "listen": {
      "add": {
        "description": "Add new data to the chart.

Refer to the block description for more information on the supported data format.",
      },
      "replace": {
        "description": "Replace all current data with the new data.

Refer to the block description for more information on the supported data format.",
      },
    },
  },
  "messages": undefined,
  "parameters": {
    "$schema": "http://json-schema.org/draft-07/schema#",
    "additionalProperties": false,
    "definitions": {
      "Color": {
        "description": "A hexadecimal color.",
        "pattern": "^#[a-fA-F\\d]{6}$",
        "type": "string",
      },
      "Font": {
        "additionalProperties": false,
        "properties": {
          "size": {
            "description": "The size of the label's font in px.",
            "type": "number",
          },
        },
        "required": [
          "size",
        ],
        "type": "object",
      },
      "LabelOptions": {
        "additionalProperties": false,
        "properties": {
          "font": {
            "$ref": "#/definitions/Font",
            "description": "Options for the font style for the labels on the horizontal axis.",
          },
          "maxWidth": {
            "description": "The maximum length (words) of the labels on the horizontal axis.",
            "type": "number",
          },
        },
        "required": [
          "font",
          "maxWidth",
        ],
        "type": "object",
      },
      "YAxis": {
        "additionalProperties": false,
        "properties": {
          "colors": {
            "default": [
              "#ededed",
            ],
            "description": "By default a grey tone is used.",
            "items": {
              "$ref": "#/definitions/Color",
            },
            "minItems": 1,
            "type": "array",
          },
          "max": {
            "description": "The maximum value to render on the vertical axis.

If not specified, the maximum value is determined automatically based on the values given.",
            "type": "number",
          },
          "min": {
            "default": 0,
            "description": "The minimal value to render on the vertical axis.",
            "type": "number",
          },
          "step": {
            "description": "If specified, the Y-axis of the chart will be incremented by this fixed amount.

By default it’s detected automatically.",
            "type": "number",
          },
        },
        "type": "object",
      },
    },
    "properties": {
      "backgroundColors": {
        "description": "The background colors to use for each dataset by default.

If the length of this array exceeds the number of labels, the pattern will be repeated.

By default the primary color of the theme will be used.",
        "items": {
          "format": "remapper",
        },
        "minItems": 1,
        "type": "array",
      },
      "labelOptions": {
        "$ref": "#/definitions/LabelOptions",
        "description": "Configuration options for the labels on the horizontal axis.",
      },
      "labels": {
        "description": "The labels to display at the bottom of the chart.",
        "items": {
          "format": "remapper",
        },
        "minItems": 1,
        "type": "array",
      },
      "type": {
        "default": "line",
        "description": "The chart type to render by default.",
        "enum": [
          "bar",
          "line",
        ],
        "type": "string",
      },
      "yAxis": {
        "$ref": "#/definitions/YAxis",
        "description": "Configuration options for the vertical axis.",
      },
    },
    "required": [
      "type",
      "yAxis",
    ],
    "type": "object",
  },
}
`;

exports[`getBlockConfigFromTypeScript official blocks control-buttons 1`] = `
{
  "actions": {
    "onBack": {
      "description": "This action gets triggered then the back button is clicked.

It will be called with the page data.",
    },
    "onForward": {
      "description": "This action gets triggered then the back button is clicked.

It will be called with the page data.",
    },
  },
  "events": undefined,
  "messages": {
    "back": {
      "description": "The label that’s used on the back button.",
    },
    "forward": {
      "description": "The label that’s used on the forward button.",
    },
  },
  "parameters": {
    "$schema": "http://json-schema.org/draft-07/schema#",
    "additionalProperties": false,
    "definitions": {
      "Button": {
        "additionalProperties": false,
        "properties": {
          "icon": {
            "description": "A [Font Awesome icon](https://fontawesome.com/icons?m=free) name to render on the button.

By default a cared pointing left or right respectively will be rendered.",
            "format": "fontawesome",
            "type": "string",
          },
        },
        "type": "object",
      },
    },
    "properties": {
      "back": {
        "anyOf": [
          {
            "$ref": "#/definitions/Button",
          },
          {
            "const": false,
            "type": "boolean",
          },
        ],
        "description": "The configuration for the back button.

Set to \`false\` to hide back button.",
      },
      "forward": {
        "anyOf": [
          {
            "$ref": "#/definitions/Button",
          },
          {
            "const": false,
            "type": "boolean",
          },
        ],
        "description": "The configuration for the forward button.

Set to \`false\` to hide forward button.",
      },
    },
    "type": "object",
  },
}
`;

exports[`getBlockConfigFromTypeScript official blocks data-loader 1`] = `
{
  "actions": {
    "onLoad": {
      "description": "Action that gets dispatched when a new filter gets applied.

This also gets called during the initial load.",
    },
  },
  "events": {
    "emit": {
      "data": {
        "description": "Event that gets emitted once the \`onLoad\` action has finished.

It can be triggered again by sending a \`refresh\` event.",
      },
    },
    "listen": {
      "refresh": {
        "description": "When received, the \`onLoad\` action will be triggered using the parameters passed through this
event, which in turn triggers the \`data\` emit event.",
      },
    },
  },
  "messages": {
    "loadErrorMessage": {
      "description": "The error message that should be shown when data failed to load.",
    },
  },
  "parameters": {
    "$schema": "http://json-schema.org/draft-07/schema#",
    "additionalProperties": false,
    "properties": {
      "skipInitialLoad": {
        "description": "By default the \`onLoad\` action is triggered immediately.

By setting this to \`true\`, this won’t happen.",
        "type": "boolean",
      },
    },
    "type": "object",
  },
}
`;

exports[`getBlockConfigFromTypeScript official blocks data-notifier 1`] = `
{
  "actions": undefined,
  "events": {
    "emit": {
      "data": {
        "description": "Event that gets emitted when new data is available.",
      },
    },
    "listen": {
      "data": {
        "description": "The event to listen on for new data.",
      },
      "seed": {
        "description": "Set and emit the initial data.

This is useful for example in combination with the \`filter\` block.",
      },
    },
  },
  "messages": {
    "buttonLabel": {
      "description": "The label to display on the refresh button of the notification.",
    },
    "newMessage": {
      "description": "The message to display when new data is available.

This will be called with the \`count\` parameter, which refers to the amount of new items.",
    },
    "updatedMessage": {
      "description": "The message to display when existing data has been changed.

This will be called with the \`count\` parameter, which refers to the amount of changed items.",
    },
  },
  "parameters": {
    "$schema": "http://json-schema.org/draft-07/schema#",
    "additionalProperties": false,
    "definitions": {
      "BulmaColor": {
        "description": "A color known to Bulma.",
        "enum": [
          "danger",
          "dark",
          "info",
          "link",
          "primary",
          "success",
          "warning",
          "white",
        ],
        "type": "string",
      },
    },
    "properties": {
      "color": {
        "$ref": "#/definitions/BulmaColor",
        "default": "dark",
        "description": "The Bulma color to use for the message and the refresh button.",
      },
      "id": {
        "default": "id",
        "description": "The property used to identify resources when comparing them in case of array data.",
        "type": "string",
      },
    },
    "type": "object",
  },
}
`;

exports[`getBlockConfigFromTypeScript official blocks detail-viewer 1`] = `
{
  "actions": undefined,
  "events": {
    "emit": undefined,
    "listen": {
      "data": {
        "description": "The event that is triggered when data is received.

Compatible data that is received will be displayed.",
      },
    },
  },
  "messages": undefined,
  "parameters": {
    "$schema": "http://json-schema.org/draft-07/schema#",
    "additionalProperties": false,
    "definitions": {
      "AssetMarkerIcon": {
        "additionalProperties": false,
        "description": "A marker based on an existing asset.",
        "properties": {
          "anchor": {
            "description": "The anchor X and Y offset used for positioning the image.

By default, the center of the icon will be used to mark the location. For many icons, it may be desirable to customize this. For example, for a symmetric pin which has a width of 10, and a height of 16, you’ll probably want to set this to \`[5, 16]\`

The following special cases for [Font Awesome icon](https://fontawesome.com/icons?m=free) are treated in a special way, since they are often used to represent a location:

- \`map-marker\`
- \`map-marker-alt\`
- \`map-pin\`
- \`thumbtrack\`",
            "items": {
              "type": "number",
            },
            "maxItems": 2,
            "minItems": 2,
            "type": "array",
          },
          "asset": {
            "description": "The id of an asset to use.",
            "type": "string",
          },
          "size": {
            "default": 28,
            "description": "The height of marker icons in pixels.",
            "type": "number",
          },
        },
        "required": [
          "asset",
        ],
        "type": "object",
      },
      "BulmaColor": {
        "description": "A color known to Bulma.",
        "enum": [
          "danger",
          "dark",
          "info",
          "link",
          "primary",
          "success",
          "warning",
          "white",
        ],
        "type": "string",
      },
      "Field": {
        "anyOf": [
          {
            "$ref": "#/definitions/FileField",
          },
          {
            "$ref": "#/definitions/GeoCoordinatesField",
          },
          {
            "$ref": "#/definitions/StringField",
          },
        ],
        "description": "All supported types of fields.",
      },
      "FieldGroup": {
        "additionalProperties": false,
        "description": "A group of fields that is repeated for each item in it value.",
        "properties": {
          "fields": {
            "description": "The list of fields to repeat.",
            "items": {
              "$ref": "#/definitions/Field",
            },
            "type": "array",
          },
          "label": {
            "description": "The label that is presented to the user. No label will be displayed if this is not defined.",
            "format": "remapper",
          },
          "value": {
            "description": "The Remapper used to retrieve the data.",
            "format": "remapper",
          },
        },
        "required": [
          "fields",
        ],
        "type": "object",
      },
      "FileField": {
        "additionalProperties": false,
        "description": "Displays files as images.",
        "properties": {
          "label": {
            "description": "The label that is presented to the user. No label will be displayed if this is not defined.",
            "format": "remapper",
          },
          